// Jest Snapshot v1, https://goo.gl/fbAQLP

exports[`renders this UI as expected 1`] = `
Array [
  <p>
    6:50:46 AM
  </p>,
  <div
    classNameName="chatItem"
  >
    <img
      alt="avatar here"
      className="chatAvatar"
      src="https://robohash.org/itaquevoluptatumrerum.jpg?size=200x200&set=set1"
    />
    <p
      className="participant"
    >
      Koren Templeton
      Â 
      <span
        className="time"
      >
        6:48:04 AM
      </span>
    </p>
    <p
      className="chatMessage"
    >
      Hello world
    </p>
  </div>,
]
`;
