// Jest Snapshot v1, https://goo.gl/fbAQLP

exports[`renders this UI as expected 1`] = `<div />`;
